// Jest Snapshot v1, https://goo.gl/fbAQLP

exports[`<TuneTile /> should render and match the snapshot 1`] = `
<body>
  <div>
    <div
      aria-label="hello"
      class="css-1x7zvh7 enu2xcr0"
      data-testid="tune-tile"
    >
      <div
        class="css-lifrad enu2xcr1"
      >
        <button
          class="MuiButtonBase-root MuiIconButton-root MuiIconButton-sizeMedium css-78trlr-MuiButtonBase-root-MuiIconButton-root"
          tabindex="0"
          type="button"
        >
          <svg
            aria-hidden="true"
            class="MuiSvgIcon-root MuiSvgIcon-fontSizeMedium css-wg28wd-MuiSvgIcon-root"
            data-testid="PlayCircleFilledRoundedIcon"
            focusable="false"
            viewBox="0 0 24 24"
          >
            <path
              d="M12 2C6.48 2 2 6.48 2 12s4.48 10 10 10 10-4.48 10-10S17.52 2 12 2m-2 13.5v-7c0-.41.47-.65.8-.4l4.67 3.5c.27.2.27.6 0 .8l-4.67 3.5c-.33.25-.8.01-.8-.4"
            />
          </svg>
          <span
            class="MuiTouchRipple-root css-8je8zh-MuiTouchRipple-root"
          />
        </button>
      </div>
    </div>
  </div>
</body>
`;
