// Jest Snapshot v1, https://goo.gl/fbAQLP

exports[`<Track /> should render and match the snapshot 1`] = `
<body>
  <div>
    <div
      aria-label="hello"
      class="css-1exn88k e1b9j16n1"
      data-testid="tune-tile"
    >
      <div
        class="css-1i846qt e1b9j16n2"
      >
        <div
          class="css-d9tof8 e1b9j16n0"
        >
          <button
            class="MuiButtonBase-root MuiIconButton-root MuiIconButton-sizeMedium css-1wcb6rg-MuiButtonBase-root-MuiIconButton-root"
            tabindex="0"
            type="button"
          >
            <svg
              aria-hidden="true"
              class="MuiSvgIcon-root MuiSvgIcon-fontSizeMedium css-11bbgqr-MuiSvgIcon-root"
              data-testid="PlayCircleFilledRoundedIcon"
              focusable="false"
              viewBox="0 0 24 24"
            >
              <path
                d="M12 2C6.48 2 2 6.48 2 12s4.48 10 10 10 10-4.48 10-10S17.52 2 12 2m-2 13.5v-7c0-.41.47-.65.8-.4l4.67 3.5c.27.2.27.6 0 .8l-4.67 3.5c-.33.25-.8.01-.8-.4"
              />
            </svg>
            <span
              class="MuiTouchRipple-root css-8je8zh-MuiTouchRipple-root"
            />
          </button>
        </div>
        <div
          class="css-d9tof8 e1b9j16n0"
        >
          <button
            class="MuiButtonBase-root MuiIconButton-root MuiIconButton-sizeMedium css-1tlcx8h-MuiButtonBase-root-MuiIconButton-root"
            tabindex="0"
            type="button"
          >
            <svg
              aria-hidden="true"
              class="MuiSvgIcon-root MuiSvgIcon-fontSizeMedium css-11bbgqr-MuiSvgIcon-root"
              data-testid="InfoRoundedIcon"
              focusable="false"
              viewBox="0 0 24 24"
            >
              <path
                d="M12 2C6.48 2 2 6.48 2 12s4.48 10 10 10 10-4.48 10-10S17.52 2 12 2m0 15c-.55 0-1-.45-1-1v-4c0-.55.45-1 1-1s1 .45 1 1v4c0 .55-.45 1-1 1m1-8h-2V7h2z"
              />
            </svg>
            <span
              class="MuiTouchRipple-root css-8je8zh-MuiTouchRipple-root"
            />
          </button>
        </div>
      </div>
    </div>
  </div>
</body>
`;
